Fitter report for Lab9
Fri Apr 15 16:33:04 2016
Quartus II Version 9.1 Build 350 03/24/2010 Service Pack 2 SJ Web Edition


---------------------
; Table of Contents ;
---------------------
  1. Legal Notice
  2. Fitter Summary
  3. Fitter Settings
  4. Parallel Compilation
  5. Pin-Out File
  6. Fitter Resource Usage Summary
  7. Input Pins
  8. Output Pins
  9. All Package Pins
 10. I/O Standard
 11. Dedicated Inputs I/O
 12. Output Pin Default Load For Reported TCO
 13. Fitter Resource Utilization by Entity
 14. Control Signals
 15. Global & Other Fast Signals
 16. Non-Global High Fan-Out Signals
 17. Interconnect Usage Summary
 18. LAB Macrocells
 19. Parallel Expander
 20. Shareable Expander
 21. Logic Cell Interconnection
 22. Fitter Device Options
 23. Fitter Messages



----------------
; Legal Notice ;
----------------
Copyright (C) 1991-2010 Altera Corporation
Your use of Altera Corporation's design tools, logic functions 
and other software and tools, and its AMPP partner logic 
functions, and any output files from any of the foregoing 
(including device programming or simulation files), and any 
associated documentation or information are expressly subject 
to the terms and conditions of the Altera Program License 
Subscription Agreement, Altera MegaCore Function License 
Agreement, or other applicable license agreement, including, 
without limitation, that your use is for the sole purpose of 
programming logic devices manufactured by Altera and sold by 
Altera or its authorized distributors.  Please refer to the 
applicable agreement for further details.



+----------------------------------------------------------------------+
; Fitter Summary                                                       ;
+-----------------------+----------------------------------------------+
; Fitter Status         ; Successful - Fri Apr 15 16:33:04 2016        ;
; Quartus II Version    ; 9.1 Build 350 03/24/2010 SP 2 SJ Web Edition ;
; Revision Name         ; Lab9                                         ;
; Top-level Entity Name ; Lab9                                         ;
; Family                ; MAX3000A                                     ;
; Device                ; EPM3064ALC44-10                              ;
; Timing Models         ; Final                                        ;
; Total macrocells      ; 27 / 64 ( 42 % )                             ;
; Total pins            ; 28 / 34 ( 82 % )                             ;
+-----------------------+----------------------------------------------+


+--------------------------------------------------------------------------------------------------------------+
; Fitter Settings                                                                                              ;
+----------------------------------------------------------------------------+-----------------+---------------+
; Option                                                                     ; Setting         ; Default Value ;
+----------------------------------------------------------------------------+-----------------+---------------+
; Device                                                                     ; EPM3064ALC44-10 ;               ;
; Use smart compilation                                                      ; Off             ; Off           ;
; Enable parallel Assembler and TimeQuest Timing Analyzer during compilation ; On              ; On            ;
; Enable compact report table                                                ; Off             ; Off           ;
; Use TimeQuest Timing Analyzer                                              ; Off             ; Off           ;
; Optimize Timing for ECOs                                                   ; Off             ; Off           ;
; Regenerate full fit report during ECO compiles                             ; Off             ; Off           ;
; Optimize IOC Register Placement for Timing                                 ; On              ; On            ;
; Limit to One Fitting Attempt                                               ; Off             ; Off           ;
; Fitter Initial Placement Seed                                              ; 1               ; 1             ;
; Slow Slew Rate                                                             ; Off             ; Off           ;
; Fitter Effort                                                              ; Auto Fit        ; Auto Fit      ;
; Force Fitter to Avoid Periphery Placement Warnings                         ; Off             ; Off           ;
; Use Best Effort Settings for Compilation                                   ; Off             ; Off           ;
+----------------------------------------------------------------------------+-----------------+---------------+


Parallel compilation was disabled, but you have multiple processors available. Enable parallel compilation to reduce compilation time.
+-------------------------------------+
; Parallel Compilation                ;
+----------------------------+--------+
; Processors                 ; Number ;
+----------------------------+--------+
; Number detected on machine ; 4      ;
; Maximum allowed            ; 1      ;
+----------------------------+--------+


+--------------+
; Pin-Out File ;
+--------------+
The pin-out file can be found in C:/Users/Mitch/Classes/Spring 2016/EEL 3701_Digital Logic/Lab 9/Lab9.pin.


+------------------------------------------------------+
; Fitter Resource Usage Summary                        ;
+-----------------------------------+------------------+
; Resource                          ; Usage            ;
+-----------------------------------+------------------+
; Logic cells                       ; 27 / 64 ( 42 % ) ;
; Registers                         ; 18 / 64 ( 28 % ) ;
; Number of pterms used             ; 113              ;
; User inserted logic elements      ; 0                ;
; I/O pins                          ; 28 / 34 ( 82 % ) ;
;     -- Clock pins                 ; 1 / 2 ( 50 % )   ;
;     -- Dedicated input pins       ; 0 / 2 ( 0 % )    ;
; Global signals                    ; 1                ;
; Shareable expanders               ; 2 / 64 ( 3 % )   ;
; Parallel expanders                ; 7 / 60 ( 12 % )  ;
; Cells using turbo bit             ; 27 / 64 ( 42 % ) ;
; Maximum fan-out node              ; inst9            ;
; Maximum fan-out                   ; 23               ;
; Highest non-global fan-out signal ; inst9            ;
; Highest non-global fan-out        ; 23               ;
; Total fan-out                     ; 263              ;
; Average fan-out                   ; 4.61             ;
+-----------------------------------+------------------+


+---------------------------------------------------------------------------------------------------------------------------+
; Input Pins                                                                                                                ;
+------+-------+----------+-----+-----------------------+--------------------+--------+--------------+----------------------+
; Name ; Pin # ; I/O Bank ; LAB ; Combinational Fan-Out ; Registered Fan-Out ; Global ; I/O Standard ; Location assigned by ;
+------+-------+----------+-----+-----------------------+--------------------+--------+--------------+----------------------+
; CLK  ; 43    ; --       ; --  ; 18                    ; 0                  ; yes    ; 3.3-V LVTTL  ; User                 ;
; CLR  ; 33    ; --       ; 4   ; 18                    ; 0                  ; no     ; 3.3-V LVTTL  ; User                 ;
; I0   ; 4     ; --       ; 1   ; 4                     ; 0                  ; no     ; 3.3-V LVTTL  ; User                 ;
; I1   ; 5     ; --       ; 1   ; 4                     ; 0                  ; no     ; 3.3-V LVTTL  ; User                 ;
; I2   ; 6     ; --       ; 1   ; 4                     ; 0                  ; no     ; 3.3-V LVTTL  ; User                 ;
; I3   ; 8     ; --       ; 1   ; 3                     ; 0                  ; no     ; 3.3-V LVTTL  ; User                 ;
+------+-------+----------+-----+-----------------------+--------------------+--------+--------------+----------------------+


+-------------------------------------------------------------------------------------------------------------------------------------------------------------------------------------------+
; Output Pins                                                                                                                                                                               ;
+-------+-------+----------+-----+-----------------+----------------+------------+---------------+--------------+----------------------+-------+----------------------+---------------------+
; Name  ; Pin # ; I/O Bank ; LAB ; Output Register ; Slow Slew Rate ; Open Drain ; TRI Primitive ; I/O Standard ; Location assigned by ; Load  ; Output Enable Source ; Output Enable Group ;
+-------+-------+----------+-----+-----------------+----------------+------------+---------------+--------------+----------------------+-------+----------------------+---------------------+
; IR0   ; 41    ; --       ; 4   ; no              ; no             ; no         ; no            ; 3.3-V LVTTL  ; Fitter               ; 10 pF ; -                    ; -                   ;
; IR1   ; 20    ; --       ; 2   ; no              ; no             ; no         ; no            ; 3.3-V LVTTL  ; Fitter               ; 10 pF ; -                    ; -                   ;
; IR2   ; 21    ; --       ; 2   ; no              ; no             ; no         ; no            ; 3.3-V LVTTL  ; Fitter               ; 10 pF ; -                    ; -                   ;
; PC0   ; 14    ; --       ; 2   ; no              ; no             ; no         ; no            ; 3.3-V LVTTL  ; User                 ; 10 pF ; -                    ; -                   ;
; PC1   ; 16    ; --       ; 2   ; no              ; no             ; no         ; no            ; 3.3-V LVTTL  ; User                 ; 10 pF ; -                    ; -                   ;
; PC2   ; 18    ; --       ; 2   ; no              ; no             ; no         ; no            ; 3.3-V LVTTL  ; User                 ; 10 pF ; -                    ; -                   ;
; PC3   ; 19    ; --       ; 2   ; no              ; no             ; no         ; no            ; 3.3-V LVTTL  ; User                 ; 10 pF ; -                    ; -                   ;
; Q0    ; 26    ; --       ; 3   ; no              ; no             ; no         ; no            ; 3.3-V LVTTL  ; Fitter               ; 10 pF ; -                    ; -                   ;
; Q1    ; 25    ; --       ; 3   ; no              ; no             ; no         ; no            ; 3.3-V LVTTL  ; Fitter               ; 10 pF ; -                    ; -                   ;
; Q2    ; 24    ; --       ; 3   ; no              ; no             ; no         ; no            ; 3.3-V LVTTL  ; Fitter               ; 10 pF ; -                    ; -                   ;
; REGA0 ; 40    ; --       ; 4   ; no              ; no             ; no         ; no            ; 3.3-V LVTTL  ; User                 ; 10 pF ; -                    ; -                   ;
; REGA1 ; 39    ; --       ; 4   ; no              ; no             ; no         ; no            ; 3.3-V LVTTL  ; User                 ; 10 pF ; -                    ; -                   ;
; REGA2 ; 37    ; --       ; 4   ; no              ; no             ; no         ; no            ; 3.3-V LVTTL  ; User                 ; 10 pF ; -                    ; -                   ;
; REGA3 ; 34    ; --       ; 4   ; no              ; no             ; no         ; no            ; 3.3-V LVTTL  ; User                 ; 10 pF ; -                    ; -                   ;
; REGB0 ; 31    ; --       ; 3   ; no              ; no             ; no         ; no            ; 3.3-V LVTTL  ; User                 ; 10 pF ; -                    ; -                   ;
; REGB1 ; 29    ; --       ; 3   ; no              ; no             ; no         ; no            ; 3.3-V LVTTL  ; User                 ; 10 pF ; -                    ; -                   ;
; REGB2 ; 28    ; --       ; 3   ; no              ; no             ; no         ; no            ; 3.3-V LVTTL  ; User                 ; 10 pF ; -                    ; -                   ;
; REGB3 ; 27    ; --       ; 3   ; no              ; no             ; no         ; no            ; 3.3-V LVTTL  ; User                 ; 10 pF ; -                    ; -                   ;
+-------+-------+----------+-----+-----------------+----------------+------------+---------------+--------------+----------------------+-------+----------------------+---------------------+


+-------------------------------------------------------------------------------------------------------+
; All Package Pins                                                                                      ;
+----------+------------+----------+----------------+--------+--------------+---------+-----------------+
; Location ; Pad Number ; I/O Bank ; Pin Name/Usage ; Dir.   ; I/O Standard ; Voltage ; User Assignment ;
+----------+------------+----------+----------------+--------+--------------+---------+-----------------+
; 1        ; 0          ; --       ; GND+           ;        ;              ;         ;                 ;
; 2        ; 1          ; --       ; GND+           ;        ;              ;         ;                 ;
; 3        ; 2          ; --       ; VCCINT         ; power  ;              ; 3.3V    ;                 ;
; 4        ; 3          ; --       ; I0             ; input  ; 3.3-V LVTTL  ;         ; Y               ;
; 5        ; 4          ; --       ; I1             ; input  ; 3.3-V LVTTL  ;         ; Y               ;
; 6        ; 5          ; --       ; I2             ; input  ; 3.3-V LVTTL  ;         ; Y               ;
; 7        ; 6          ; --       ; TDI            ; input  ; 3.3-V LVTTL  ;         ; N               ;
; 8        ; 7          ; --       ; I3             ; input  ; 3.3-V LVTTL  ;         ; Y               ;
; 9        ; 8          ; --       ; RESERVED       ;        ;              ;         ;                 ;
; 10       ; 9          ; --       ; GND            ; gnd    ;              ;         ;                 ;
; 11       ; 10         ; --       ; RESERVED       ;        ;              ;         ;                 ;
; 12       ; 11         ; --       ; RESERVED       ;        ;              ;         ;                 ;
; 13       ; 12         ; --       ; TMS            ; input  ; 3.3-V LVTTL  ;         ; N               ;
; 14       ; 13         ; --       ; PC0            ; output ; 3.3-V LVTTL  ;         ; Y               ;
; 15       ; 14         ; --       ; VCCIO          ; power  ;              ; 3.3V    ;                 ;
; 16       ; 15         ; --       ; PC1            ; output ; 3.3-V LVTTL  ;         ; Y               ;
; 17       ; 16         ; --       ; GND            ; gnd    ;              ;         ;                 ;
; 18       ; 17         ; --       ; PC2            ; output ; 3.3-V LVTTL  ;         ; Y               ;
; 19       ; 18         ; --       ; PC3            ; output ; 3.3-V LVTTL  ;         ; Y               ;
; 20       ; 19         ; --       ; IR1            ; output ; 3.3-V LVTTL  ;         ; N               ;
; 21       ; 20         ; --       ; IR2            ; output ; 3.3-V LVTTL  ;         ; N               ;
; 22       ; 21         ; --       ; GND            ; gnd    ;              ;         ;                 ;
; 23       ; 22         ; --       ; VCCINT         ; power  ;              ; 3.3V    ;                 ;
; 24       ; 23         ; --       ; Q2             ; output ; 3.3-V LVTTL  ;         ; N               ;
; 25       ; 24         ; --       ; Q1             ; output ; 3.3-V LVTTL  ;         ; N               ;
; 26       ; 25         ; --       ; Q0             ; output ; 3.3-V LVTTL  ;         ; N               ;
; 27       ; 26         ; --       ; REGB3          ; output ; 3.3-V LVTTL  ;         ; Y               ;
; 28       ; 27         ; --       ; REGB2          ; output ; 3.3-V LVTTL  ;         ; Y               ;
; 29       ; 28         ; --       ; REGB1          ; output ; 3.3-V LVTTL  ;         ; Y               ;
; 30       ; 29         ; --       ; GND            ; gnd    ;              ;         ;                 ;
; 31       ; 30         ; --       ; REGB0          ; output ; 3.3-V LVTTL  ;         ; Y               ;
; 32       ; 31         ; --       ; TCK            ; input  ; 3.3-V LVTTL  ;         ; N               ;
; 33       ; 32         ; --       ; CLR            ; input  ; 3.3-V LVTTL  ;         ; Y               ;
; 34       ; 33         ; --       ; REGA3          ; output ; 3.3-V LVTTL  ;         ; Y               ;
; 35       ; 34         ; --       ; VCCIO          ; power  ;              ; 3.3V    ;                 ;
; 36       ; 35         ; --       ; GND            ; gnd    ;              ;         ;                 ;
; 37       ; 36         ; --       ; REGA2          ; output ; 3.3-V LVTTL  ;         ; Y               ;
; 38       ; 37         ; --       ; TDO            ; output ; 3.3-V LVTTL  ;         ; N               ;
; 39       ; 38         ; --       ; REGA1          ; output ; 3.3-V LVTTL  ;         ; Y               ;
; 40       ; 39         ; --       ; REGA0          ; output ; 3.3-V LVTTL  ;         ; Y               ;
; 41       ; 40         ; --       ; IR0            ; output ; 3.3-V LVTTL  ;         ; N               ;
; 42       ; 41         ; --       ; GND            ; gnd    ;              ;         ;                 ;
; 43       ; 42         ; --       ; CLK            ; input  ; 3.3-V LVTTL  ;         ; Y               ;
; 44       ; 43         ; --       ; GND+           ;        ;              ;         ;                 ;
+----------+------------+----------+----------------+--------+--------------+---------+-----------------+
Note: Pin directions (input, output or bidir) are based on device operating in user mode.


+--------------------------------------------------------------------------------------------------+
; I/O Standard                                                                                     ;
+--------------+------------+----------------------+-------------------+-------------------+-------+
; I/O Standard ; Input Vref ; Dedicated Input Pins ; Pins in I/O Bank1 ; Pins in I/O Bank2 ; Total ;
+--------------+------------+----------------------+-------------------+-------------------+-------+
; 3.3-V LVTTL  ; -          ; 1                    ; 0                 ; 0                 ; 1     ;
+--------------+------------+----------------------+-------------------+-------------------+-------+


+--------------------------------------------------------------------+
; Dedicated Inputs I/O                                               ;
+------+-------+-------+-------+--------------+------------+---------+
; Name ; Pin # ; Type  ; VCCIO ; I/O Standard ; Input Vref ; Current ;
+------+-------+-------+-------+--------------+------------+---------+
; CLK  ; 43    ; Input ; --    ; 3.3-V LVTTL  ; -          ; 0 mA    ;
+------+-------+-------+-------+--------------+------------+---------+


+-----------------------------------------------+
; Output Pin Default Load For Reported TCO      ;
+--------------+-------+------------------------+
; I/O Standard ; Load  ; Termination Resistance ;
+--------------+-------+------------------------+
; 3.3-V LVTTL  ; 10 pF ; Not Available          ;
; 3.3-V LVCMOS ; 10 pF ; Not Available          ;
; 3.3-V PCI    ; 10 pF ; 25 Ohm (Parallel)      ;
; 2.5 V        ; 10 pF ; Not Available          ;
+--------------+-------+------------------------+
Note: User assignments will override these defaults. The user specified values are listed in the Output Pins and Bidir Pins tables.


+----------------------------------------------------------------------------------------------------------+
; Fitter Resource Utilization by Entity                                                                    ;
+----------------------------+------------+------+------------------------------------------+--------------+
; Compilation Hierarchy Node ; Macrocells ; Pins ; Full Hierarchy Name                      ; Library Name ;
+----------------------------+------------+------+------------------------------------------+--------------+
; |Lab9                      ; 27         ; 28   ; |Lab9                                    ; work         ;
;    |PC:inst28|             ; 4          ; 0    ; |Lab9|PC:inst28                          ; work         ;
;    |Part2:inst|            ; 17         ; 0    ; |Lab9|Part2:inst                         ; work         ;
;       |74283:inst58|       ; 5          ; 0    ; |Lab9|Part2:inst|74283:inst58            ; work         ;
;          |p74283:sub|      ; 5          ; 0    ; |Lab9|Part2:inst|74283:inst58|p74283:sub ; work         ;
;       |MUX_41a:inst26|     ; 1          ; 0    ; |Lab9|Part2:inst|MUX_41a:inst26          ; work         ;
;       |MUX_41a:inst27|     ; 1          ; 0    ; |Lab9|Part2:inst|MUX_41a:inst27          ; work         ;
;       |MUX_41a:inst28|     ; 1          ; 0    ; |Lab9|Part2:inst|MUX_41a:inst28          ; work         ;
;       |MUX_41a:inst29|     ; 1          ; 0    ; |Lab9|Part2:inst|MUX_41a:inst29          ; work         ;
+----------------------------+------------+------+------------------------------------------+--------------+


+----------------------------------------------------------------------------------------------+
; Control Signals                                                                              ;
+-------+----------+---------+--------------+--------+----------------------+------------------+
; Name  ; Location ; Fan-Out ; Usage        ; Global ; Global Resource Used ; Global Line Name ;
+-------+----------+---------+--------------+--------+----------------------+------------------+
; CLK   ; PIN_43   ; 18      ; Clock        ; yes    ; On                   ; --               ;
; CLR   ; PIN_33   ; 18      ; Async. clear ; no     ; --                   ; --               ;
; inst5 ; LC33     ; 23      ; Clock enable ; no     ; --                   ; --               ;
; inst8 ; LC35     ; 23      ; Clock enable ; no     ; --                   ; --               ;
; inst9 ; LC36     ; 23      ; Clock enable ; no     ; --                   ; --               ;
+-------+----------+---------+--------------+--------+----------------------+------------------+


+---------------------------------------------------------------------+
; Global & Other Fast Signals                                         ;
+------+----------+---------+----------------------+------------------+
; Name ; Location ; Fan-Out ; Global Resource Used ; Global Line Name ;
+------+----------+---------+----------------------+------------------+
; CLK  ; PIN_43   ; 18      ; On                   ; --               ;
+------+----------+---------+----------------------+------------------+


+-----------------------------------------------------+
; Non-Global High Fan-Out Signals                     ;
+-------------------------------------------+---------+
; Name                                      ; Fan-Out ;
+-------------------------------------------+---------+
; inst5                                     ; 23      ;
; inst8                                     ; 23      ;
; inst9                                     ; 23      ;
; CLR                                       ; 18      ;
; inst2                                     ; 16      ;
; inst1                                     ; 16      ;
; inst6                                     ; 15      ;
; Part2:inst|inst31                         ; 13      ;
; Part2:inst|inst32                         ; 13      ;
; Part2:inst|inst33                         ; 10      ;
; Part2:inst|inst41                         ; 8       ;
; Part2:inst|inst40                         ; 8       ;
; Part2:inst|inst30                         ; 7       ;
; Part2:inst|inst39                         ; 7       ;
; PC:inst28|inst3                           ; 5       ;
; I0                                        ; 4       ;
; I1                                        ; 4       ;
; I2                                        ; 4       ;
; PC:inst28|inst4                           ; 4       ;
; Part2:inst|inst38                         ; 4       ;
; I3                                        ; 3       ;
; PC:inst28|inst2                           ; 3       ;
; PC:inst28|inst1                           ; 2       ;
; Part2:inst|74283:inst58|p74283:sub|135~0  ; 2       ;
; Part2:inst|MUX_41a:inst26|Y~17            ; 1       ;
; Part2:inst|MUX_41a:inst27|Y~17            ; 1       ;
; Part2:inst|74283:inst58|p74283:sub|134~9  ; 1       ;
; Part2:inst|MUX_41a:inst28|Y~17            ; 1       ;
; Part2:inst|74283:inst58|p74283:sub|135~12 ; 1       ;
; Part2:inst|74283:inst58|p74283:sub|135~7  ; 1       ;
; Part2:inst|MUX_41a:inst29|Y~16            ; 1       ;
; Part2:inst|74283:inst58|p74283:sub|134~2  ; 1       ;
; Part2:inst|74283:inst58|p74283:sub|134~1  ; 1       ;
; Part2:inst|74283:inst58|p74283:sub|134~0  ; 1       ;
+-------------------------------------------+---------+


+------------------------------------------------+
; Interconnect Usage Summary                     ;
+----------------------------+-------------------+
; Interconnect Resource Type ; Usage             ;
+----------------------------+-------------------+
; Output enables             ; 0 / 6 ( 0 % )     ;
; PIA buffers                ; 50 / 144 ( 35 % ) ;
+----------------------------+-------------------+


+----------------------------------------------------------------------+
; LAB Macrocells                                                       ;
+----------------------------------------+-----------------------------+
; Number of Macrocells  (Average = 6.75) ; Number of LABs  (Total = 3) ;
+----------------------------------------+-----------------------------+
; 0                                      ; 1                           ;
; 1                                      ; 0                           ;
; 2                                      ; 0                           ;
; 3                                      ; 0                           ;
; 4                                      ; 0                           ;
; 5                                      ; 0                           ;
; 6                                      ; 1                           ;
; 7                                      ; 0                           ;
; 8                                      ; 0                           ;
; 9                                      ; 1                           ;
; 10                                     ; 0                           ;
; 11                                     ; 0                           ;
; 12                                     ; 1                           ;
+----------------------------------------+-----------------------------+


+---------------------------------------------------------+
; Parallel Expander                                       ;
+--------------------------+------------------------------+
; Parallel Expander Length ; Number of Parallel Expanders ;
+--------------------------+------------------------------+
; 0                        ; 0                            ;
; 1                        ; 5                            ;
; 2                        ; 1                            ;
+--------------------------+------------------------------+


+-------------------------------------------------------------------------------+
; Shareable Expander                                                            ;
+-------------------------------------------------+-----------------------------+
; Number of shareable expanders  (Average = 0.50) ; Number of LABs  (Total = 1) ;
+-------------------------------------------------+-----------------------------+
; 0                                               ; 3                           ;
; 1                                               ; 0                           ;
; 2                                               ; 1                           ;
+-------------------------------------------------+-----------------------------+


+------------------------------------------------------------------------------------------------------------------------------------------------------------------------------------------------------------------------------------------------------------------------------------------------------------------------------------------------------------------------------------------------------------------------------------------------------------------------------------------------------------------------------------------------------------------------------------------------------------------------------------------------------------------------------+
; Logic Cell Interconnection                                                                                                                                                                                                                                                                                                                                                                                                                                                                                                                                                                                                                                                   ;
+-----+------------+------------------------------------------------------------------------------------------------------------------------------------------------------------------------------------------------------------------------------------------------+----------------------------------------------------------------------------------------------------------------------------------------------------------------------------------------------------------------------------------------------------------------------------------------------------------------------------------------------------------------------------------------------------------+
; LAB ; Logic Cell ; Input                                                                                                                                                                                                                                          ; Output                                                                                                                                                                                                                                                                                                                                                                                                   ;
+-----+------------+------------------------------------------------------------------------------------------------------------------------------------------------------------------------------------------------------------------------------------------------+----------------------------------------------------------------------------------------------------------------------------------------------------------------------------------------------------------------------------------------------------------------------------------------------------------------------------------------------------------------------------------------------------------+
;  B  ; LC17       ; CLK, I2, CLR, inst5, inst8, inst9                                                                                                                                                                                                              ; IR2, inst9, inst5, Part2:inst|inst38, Part2:inst|inst39, Part2:inst|inst40, Part2:inst|inst41, Part2:inst|inst33, Part2:inst|inst32, Part2:inst|inst31, Part2:inst|inst30, Part2:inst|MUX_41a:inst29|Y~16, Part2:inst|MUX_41a:inst28|Y~17, Part2:inst|MUX_41a:inst27|Y~17, Part2:inst|MUX_41a:inst26|Y~17                                                                                                ;
;  B  ; LC19       ; CLK, I1, CLR, inst5, inst8, inst9                                                                                                                                                                                                              ; inst9, inst8, IR1, inst5, Part2:inst|inst38, Part2:inst|inst39, Part2:inst|inst40, Part2:inst|inst41, Part2:inst|inst33, Part2:inst|inst32, Part2:inst|inst31, Part2:inst|inst30, Part2:inst|MUX_41a:inst29|Y~16, Part2:inst|MUX_41a:inst28|Y~17, Part2:inst|MUX_41a:inst27|Y~17, Part2:inst|MUX_41a:inst26|Y~17                                                                                         ;
;  B  ; LC30       ; CLK, I0, inst8, inst9, PC:inst28|inst3, inst5, CLR                                                                                                                                                                                             ; PC:inst28|inst3, PC0, PC:inst28|inst4, PC:inst28|inst2, PC:inst28|inst1                                                                                                                                                                                                                                                                                                                                  ;
;  B  ; LC25       ; CLK, I1, inst5, inst8, inst9, PC:inst28|inst4, PC:inst28|inst3, CLR                                                                                                                                                                            ; PC:inst28|inst4, PC1, PC:inst28|inst2, PC:inst28|inst1                                                                                                                                                                                                                                                                                                                                                   ;
;  B  ; LC21       ; CLK, I2, inst5, inst8, inst9, PC:inst28|inst2, PC:inst28|inst3, PC:inst28|inst4, CLR                                                                                                                                                           ; PC:inst28|inst2, PC2, PC:inst28|inst1                                                                                                                                                                                                                                                                                                                                                                    ;
;  B  ; LC20       ; CLK, I3, inst5, inst8, inst9, PC:inst28|inst1, PC:inst28|inst2, PC:inst28|inst3, PC:inst28|inst4, CLR                                                                                                                                          ; PC:inst28|inst1, PC3                                                                                                                                                                                                                                                                                                                                                                                     ;
;  C  ; LC36       ; CLK, inst5, inst8, inst9, inst1, inst6, inst2, CLR                                                                                                                                                                                             ; inst6, inst9, Q0, inst8, inst1, inst5, inst2, PC:inst28|inst3, Part2:inst|inst38, Part2:inst|inst39, Part2:inst|inst40, Part2:inst|inst41, PC:inst28|inst4, Part2:inst|inst33, PC:inst28|inst2, Part2:inst|inst32, PC:inst28|inst1, Part2:inst|inst31, Part2:inst|inst30, Part2:inst|MUX_41a:inst29|Y~16, Part2:inst|MUX_41a:inst28|Y~17, Part2:inst|MUX_41a:inst27|Y~17, Part2:inst|MUX_41a:inst26|Y~17 ;
;  C  ; LC35       ; CLK, inst1, inst2, inst8, inst5, inst9, CLR                                                                                                                                                                                                    ; inst6, inst9, inst8, Q1, inst1, inst5, inst2, PC:inst28|inst3, Part2:inst|inst38, Part2:inst|inst39, Part2:inst|inst40, Part2:inst|inst41, PC:inst28|inst4, Part2:inst|inst33, PC:inst28|inst2, Part2:inst|inst32, PC:inst28|inst1, Part2:inst|inst31, Part2:inst|inst30, Part2:inst|MUX_41a:inst29|Y~16, Part2:inst|MUX_41a:inst28|Y~17, Part2:inst|MUX_41a:inst27|Y~17, Part2:inst|MUX_41a:inst26|Y~17 ;
;  C  ; LC33       ; CLK, inst1, inst6, inst2, inst8, inst5, inst9, CLR                                                                                                                                                                                             ; inst6, inst9, inst8, inst1, inst5, Q2, inst2, PC:inst28|inst3, Part2:inst|inst38, Part2:inst|inst39, Part2:inst|inst40, Part2:inst|inst41, PC:inst28|inst4, Part2:inst|inst33, PC:inst28|inst2, Part2:inst|inst32, PC:inst28|inst1, Part2:inst|inst31, Part2:inst|inst30, Part2:inst|MUX_41a:inst29|Y~16, Part2:inst|MUX_41a:inst28|Y~17, Part2:inst|MUX_41a:inst27|Y~17, Part2:inst|MUX_41a:inst26|Y~17 ;
;  C  ; LC37       ; CLK, Part2:inst|inst30, inst6, inst1, inst2, inst5, inst9, inst8, Part2:inst|inst38, I3, CLR                                                                                                                                                   ; Part2:inst|inst38, REGB3, Part2:inst|74283:inst58|p74283:sub|134~0, Part2:inst|74283:inst58|p74283:sub|134~1                                                                                                                                                                                                                                                                                             ;
;  C  ; LC40       ; CLK, Part2:inst|inst31, inst6, inst1, inst2, inst5, inst9, inst8, Part2:inst|inst39, I2, CLR                                                                                                                                                   ; Part2:inst|inst39, REGB2, Part2:inst|74283:inst58|p74283:sub|135~0, Part2:inst|74283:inst58|p74283:sub|134~2, Part2:inst|74283:inst58|p74283:sub|135~7, Part2:inst|74283:inst58|p74283:sub|135~12, Part2:inst|74283:inst58|p74283:sub|134~9                                                                                                                                                              ;
;  C  ; LC41       ; CLK, Part2:inst|inst32, inst6, inst1, inst2, inst5, inst9, inst8, Part2:inst|inst40, I1, CLR                                                                                                                                                   ; Part2:inst|inst40, REGB1, Part2:inst|74283:inst58|p74283:sub|135~0, Part2:inst|74283:inst58|p74283:sub|134~2, Part2:inst|74283:inst58|p74283:sub|135~7, Part2:inst|74283:inst58|p74283:sub|135~12, Part2:inst|74283:inst58|p74283:sub|134~9, Part2:inst|MUX_41a:inst28|Y~17                                                                                                                              ;
;  C  ; LC46       ; CLK, Part2:inst|inst33, inst6, inst1, inst2, inst5, inst9, inst8, Part2:inst|inst41, I0, CLR                                                                                                                                                   ; Part2:inst|inst41, REGB0, Part2:inst|inst33, Part2:inst|74283:inst58|p74283:sub|135~0, Part2:inst|74283:inst58|p74283:sub|134~2, Part2:inst|74283:inst58|p74283:sub|135~7, Part2:inst|74283:inst58|p74283:sub|135~12, Part2:inst|MUX_41a:inst28|Y~17                                                                                                                                                     ;
;  C  ; LC44       ; Part2:inst|74283:inst58|p74283:sub|135~12, Part2:inst|inst32, Part2:inst|inst39, Part2:inst|inst40, Part2:inst|inst41, Part2:inst|inst33, Part2:inst|inst31                                                                                    ; Part2:inst|inst31, Part2:inst|MUX_41a:inst27|Y~17                                                                                                                                                                                                                                                                                                                                                        ;
;  C  ; LC39       ; Part2:inst|74283:inst58|p74283:sub|134~9, Part2:inst|inst32, Part2:inst|inst31, Part2:inst|inst33, Part2:inst|inst41, Part2:inst|inst39, Part2:inst|inst40, Part2:inst|74283:inst58|p74283:sub|134~0, Part2:inst|74283:inst58|p74283:sub|134~1 ; Part2:inst|MUX_41a:inst26|Y~17                                                                                                                                                                                                                                                                                                                                                                           ;
;  C  ; LC42       ; Part2:inst|inst32, Part2:inst|inst39, Part2:inst|inst31, Part2:inst|inst40, Part2:inst|inst33, Part2:inst|inst41                                                                                                                               ; Part2:inst|74283:inst58|p74283:sub|135~12                                                                                                                                                                                                                                                                                                                                                                ;
;  C  ; LC43       ; Part2:inst|74283:inst58|p74283:sub|135~7, Part2:inst|inst32, Part2:inst|inst31, Part2:inst|inst41, Part2:inst|inst40, Part2:inst|inst33, Part2:inst|inst39                                                                                     ; Part2:inst|74283:inst58|p74283:sub|135~0                                                                                                                                                                                                                                                                                                                                                                 ;
;  C  ; LC38       ; Part2:inst|inst31, Part2:inst|inst39, Part2:inst|inst32, Part2:inst|inst40                                                                                                                                                                     ; Part2:inst|74283:inst58|p74283:sub|134~2                                                                                                                                                                                                                                                                                                                                                                 ;
;  D  ; LC64       ; CLK, I0, CLR, inst5, inst8, inst9                                                                                                                                                                                                              ; inst9, inst8, inst5, IR0, Part2:inst|inst38, Part2:inst|inst39, Part2:inst|inst40, Part2:inst|inst41, Part2:inst|inst33, Part2:inst|inst32, Part2:inst|inst31, Part2:inst|inst30, Part2:inst|MUX_41a:inst29|Y~16, Part2:inst|MUX_41a:inst28|Y~17, Part2:inst|MUX_41a:inst27|Y~17, Part2:inst|MUX_41a:inst26|Y~17                                                                                         ;
;  D  ; LC62       ; CLK, Part2:inst|MUX_41a:inst29|Y~16, Part2:inst|inst32, inst6, inst2, inst1, inst9, inst8, inst5, Part2:inst|inst33, I0, Part2:inst|inst41, CLR                                                                                                ; Part2:inst|inst41, Part2:inst|inst33, REGA0, Part2:inst|74283:inst58|p74283:sub|135~0, Part2:inst|inst32, Part2:inst|74283:inst58|p74283:sub|134~2, Part2:inst|MUX_41a:inst29|Y~16, Part2:inst|74283:inst58|p74283:sub|135~7, Part2:inst|74283:inst58|p74283:sub|135~12, Part2:inst|MUX_41a:inst28|Y~17                                                                                                  ;
;  D  ; LC57       ; CLK, Part2:inst|MUX_41a:inst28|Y~17, I1, inst9, Part2:inst|inst32, inst8, inst5, inst2, inst6, inst1, Part2:inst|inst33, CLR, Part2:inst|inst31                                                                                                ; Part2:inst|inst40, Part2:inst|inst33, Part2:inst|74283:inst58|p74283:sub|135~0, Part2:inst|inst32, Part2:inst|74283:inst58|p74283:sub|134~2, REGA1, Part2:inst|inst31, Part2:inst|MUX_41a:inst29|Y~16, Part2:inst|74283:inst58|p74283:sub|135~7, Part2:inst|74283:inst58|p74283:sub|135~12, Part2:inst|MUX_41a:inst28|Y~17, Part2:inst|74283:inst58|p74283:sub|134~9, Part2:inst|MUX_41a:inst27|Y~17     ;
;  D  ; LC53       ; CLK, Part2:inst|MUX_41a:inst27|Y~17, inst2, inst6, inst1, inst9, inst8, inst5, Part2:inst|inst31, Part2:inst|inst32, I2, Part2:inst|74283:inst58|p74283:sub|135~0, CLR                                                                         ; Part2:inst|inst39, Part2:inst|74283:inst58|p74283:sub|135~0, Part2:inst|74283:inst58|p74283:sub|134~2, Part2:inst|inst31, REGA2, Part2:inst|inst30, Part2:inst|74283:inst58|p74283:sub|135~7, Part2:inst|74283:inst58|p74283:sub|135~12, Part2:inst|MUX_41a:inst28|Y~17, Part2:inst|74283:inst58|p74283:sub|134~9, Part2:inst|MUX_41a:inst27|Y~17, Part2:inst|MUX_41a:inst26|Y~17, Part2:inst|inst32     ;
;  D  ; LC51       ; CLK, Part2:inst|MUX_41a:inst26|Y~17, Part2:inst|inst31, inst2, inst6, inst1, inst9, inst8, inst5, Part2:inst|inst30, I3, CLR                                                                                                                   ; Part2:inst|inst38, Part2:inst|74283:inst58|p74283:sub|134~0, Part2:inst|74283:inst58|p74283:sub|134~1, Part2:inst|inst30, REGA3, Part2:inst|MUX_41a:inst27|Y~17, Part2:inst|MUX_41a:inst26|Y~17                                                                                                                                                                                                          ;
;  D  ; LC61       ; Part2:inst|inst32, inst6, inst2, inst1, inst9, inst8, inst5, Part2:inst|inst33                                                                                                                                                                 ; Part2:inst|inst33                                                                                                                                                                                                                                                                                                                                                                                        ;
;  D  ; LC56       ; Part2:inst|inst31, inst2, inst9, inst6, Part2:inst|inst32, inst8, inst1, inst5, Part2:inst|inst33, Part2:inst|inst40, Part2:inst|inst41                                                                                                        ; Part2:inst|inst32                                                                                                                                                                                                                                                                                                                                                                                        ;
;  D  ; LC52       ; Part2:inst|inst30, inst2, inst6, inst1, inst9, inst8, inst5, Part2:inst|inst31, Part2:inst|inst32, Part2:inst|74283:inst58|p74283:sub|135~0                                                                                                    ; Part2:inst|inst31                                                                                                                                                                                                                                                                                                                                                                                        ;
;  D  ; LC50       ; Part2:inst|inst31, inst2, inst6, inst1, inst9, inst8, inst5, Part2:inst|inst30, Part2:inst|74283:inst58|p74283:sub|134~2                                                                                                                       ; Part2:inst|inst30                                                                                                                                                                                                                                                                                                                                                                                        ;
+-----+------------+------------------------------------------------------------------------------------------------------------------------------------------------------------------------------------------------------------------------------------------------+----------------------------------------------------------------------------------------------------------------------------------------------------------------------------------------------------------------------------------------------------------------------------------------------------------------------------------------------------------------------------------------------------------+


+---------------------------------------------------------------+
; Fitter Device Options                                         ;
+----------------------------------------------+----------------+
; Option                                       ; Setting        ;
+----------------------------------------------+----------------+
; Enable user-supplied start-up clock (CLKUSR) ; Off            ;
; Enable device-wide reset (DEV_CLRn)          ; Off            ;
; Enable device-wide output enable (DEV_OE)    ; Off            ;
; Enable INIT_DONE output                      ; Off            ;
; Configuration scheme                         ; Passive Serial ;
; Security bit                                 ; Off            ;
; Base pin-out file on sameframe device        ; Off            ;
+----------------------------------------------+----------------+


+-----------------+
; Fitter Messages ;
+-----------------+
Info: *******************************************************************
Info: Running Quartus II Fitter
    Info: Version 9.1 Build 350 03/24/2010 Service Pack 2 SJ Web Edition
    Info: Processing started: Fri Apr 15 16:33:04 2016
Info: Command: quartus_fit --read_settings_files=off --write_settings_files=off Lab9 -c Lab9
Info: Selected device EPM3064ALC44-10 for design "Lab9"
Info: Quartus II Fitter was successful. 0 errors, 0 warnings
    Info: Peak virtual memory: 201 megabytes
    Info: Processing ended: Fri Apr 15 16:33:04 2016
    Info: Elapsed time: 00:00:00
    Info: Total CPU time (on all processors): 00:00:01


