--------------------------------------------------------------------------------------
Timing Analyzer Summary
--------------------------------------------------------------------------------------

Type           : Worst-case tsu
Slack          : N/A
Required Time  : None
Actual Time    : 17.900 ns
From           : CIN
To             : Part2:inst|inst31
From Clock     : --
To Clock       : CLK
Failed Paths   : 0

Type           : Worst-case tco
Slack          : N/A
Required Time  : None
Actual Time    : 14.100 ns
From           : inst1
To             : MSA1
From Clock     : CLK
To Clock       : --
Failed Paths   : 0

Type           : Worst-case th
Slack          : N/A
Required Time  : None
Actual Time    : -2.000 ns
From           : I1
To             : inst1
From Clock     : --
To Clock       : CLK
Failed Paths   : 0

Type           : Clock Setup: 'CLK'
Slack          : N/A
Required Time  : None
Actual Time    : 44.25 MHz ( period = 22.600 ns )
From           : Part2:inst|inst40
To             : Part2:inst|inst31
From Clock     : CLK
To Clock       : CLK
Failed Paths   : 0

Type           : Total number of failed paths
Slack          : 
Required Time  : 
Actual Time    : 
From           : 
To             : 
From Clock     : 
To Clock       : 
Failed Paths   : 0

--------------------------------------------------------------------------------------

